
#INPUT	1	Avermipeptin lanthipeptideC

Predicted RiPP Class:	lanthipeptideC

Sequence:	MALLDLQTMESDEHTGGGGA-STVSLLSCVSAASVLLCL
Cleavage site (12 mer):	TGGGGA-STVSLL
Leader peptide:	MALLDLQTMESDEHTGGGGA
Core peptide:	STVSLLSCVSAASVLLCL

Predicted Crosslinks
Model	1
S(1)TVSLLSC(1)VS(2)AASVLLC(2)L

Crosslinks:	1 - 8	Ser - Cys
Crosslinks:	10 - 17	Ser - Cys
SMILES
NC(C3)C(=O)NC(C(C)O)C(=O)NC(C(C)C)C(=O)NC(CO)C(=O)NC(CC(C)C)C(=O)NC(CC(C)C)C(=O)NC(CO)C(=O)NC(CS3)C(=O)NC(C(C)C)C(=O)NC(C4)C(=O)NC(C)C(=O)NC(C)C(=O)NC(CO)C(=O)NC(C(C)C)C(=O)NC(CC(C)C)C(=O)NC(CC(C)C)C(=O)NC(CS4)C(=O)NC(CC(C)C)C(=O)O

Model	2 (Labionin Linkage)
S(1)TVS(2)(1)LLSC(2)VS(3)AAS(4)(3)VLLC(4)L

Crosslinks:	1 - 4	Ser - Ser
Crosslinks:	4 - 8	Ser - Cys
Crosslinks:	10 - 13	Ser - Ser
Crosslinks:	13 - 17	Ser - Cys
SMILES
NC(C3)C(=O)NC(C(C)O)C(=O)NC(C(C)C)C(=O)NC3(C4)C(=O)NC(CC(C)C)C(=O)NC(CC(C)C)C(=O)NC(CO)C(=O)NC(CS4)C(=O)NC(C(C)C)C(=O)NC(C5)C(=O)NC(C)C(=O)NC(C)C(=O)NC5(C6)C(=O)NC(C(C)C)C(=O)NC(CC(C)C)C(=O)NC(CC(C)C)C(=O)NC(CS6)C(=O)NC(CC(C)C)C(=O)O

#INPUT	2	BsaA2 lanthipeptideA

Predicted RiPP Class:	lanthipeptideA

Sequence:	MEKVLDLDVQVKANNNSNDSAGDER-ITSHSLCTPGCAKTGSFNSFCC
Cleavage site (12 mer):	SAGDER-ITSHSL
Leader peptide:	MEKVLDLDVQVKANNNSNDSAGDER
Core peptide:	ITSHSLCTPGCAKTGSFNSFCC

Predicted Crosslinks
ITS(1)HSLC(1)T(2)PGC(2)AKTGS(3)FNS(4)FC(3)C(4)

Crosslinks:	3 - 7	Ser - Cys
Crosslinks:	8 - 11	Thr - Cys
Crosslinks:	16 - 21	Ser - Cys
Crosslinks:	19 - 22	Ser - Cys
SMILES
NC(C(C)CC)C(=O)NC(C(C)O)C(=O)NC(C3)C(=O)NC(CC1=C(NC=N1))C(=O)NC(CO)C(=O)NC(CC(C)C)C(=O)NC(CS3)C(=O)NC(C4(C))C(=O)N(CCC1)C1C(=O)NCC(=O)NC(CS4)C(=O)NC(C)C(=O)NC(C(CCCN))C(=O)NC(C(C)O)C(=O)NCC(=O)NC(C5)C(=O)NC(C(C1=CC=C(C=C1)))C(=O)NC(CC(=O)N)C(=O)NC(C6)C(=O)NC(C(C1=CC=C(C=C1)))C(=O)NC(CS5)C(=O)NC(CS6)C(=O)O
